[demos.themes.guide/bodeo/demo-v1.1.8/index.html]
[backblue.gif]
[fade.gif]
[index.html]
[demos.themes.guide/bodeo/demo-v1.1.8/css/bootstrap-custom.css]
[demos.themes.guide/bodeo/demo-v1.1.8/css/demo.css]
[demos.themes.guide/bodeo/demo-v1.1.8/css/animate.min.css]
[demos.themes.guide/bodeo/demo-v1.1.8/css/ionicons790f.css]
[demos.themes.guide/bodeo/demo-v1.1.8/blog.html]
[demos.themes.guide/bodeo/demo-v1.1.8/about.html]
[demos.themes.guide/bodeo/demo-v1.1.8/blog-detail.html]
[demos.themes.guide/bodeo/demo-v1.1.8/app/index.html]
[demos.themes.guide/bodeo/demo-v1.1.8/contact.html]
[demos.themes.guide/bodeo/demo-v1.1.8/clients.html]
[demos.themes.guide/bodeo/demo-v1.1.8/demos.html]
[demos.themes.guide/bodeo/demo-v1.1.8/error-404.html]
[demos.themes.guide/bodeo/demo-v1.1.8/faq.html]
[demos.themes.guide/bodeo/demo-v1.1.8/features.html]
[demos.themes.guide/bodeo/demo-v1.1.8/login.html]
[demos.themes.guide/bodeo/demo-v1.1.8/legal.html]
[demos.themes.guide/bodeo/demo-v1.1.8/pricing.html]
[demos.themes.guide/bodeo/demo-v1.1.8/products.html]
[demos.themes.guide/bodeo/demo-v1.1.8/product-detail.html]
[demos.themes.guide/bodeo/demo-v1.1.8/results.html]
[demos.themes.guide/bodeo/demo-v1.1.8/cart.html]
[demos.themes.guide/bodeo/demo-v1.1.8/user-profile.html]
[demos.themes.guide/bodeo/demo-v1.1.8/dashboard.html]
[demos.themes.guide/bodeo/demo-v1.1.8/invoice.html]
[demos.themes.guide/bodeo/demo-v1.1.8/pg-medical.html]
[demos.themes.guide/bodeo/demo-v1.1.8/portfolio.html]
[demos.themes.guide/bodeo/demo-v1.1.8/pg-restaurant.html]
[demos.themes.guide/bodeo/demo-v1.1.8/layout-video.html]
[demos.themes.guide/bodeo/demo-v1.1.8/layout-image.html]
[demos.themes.guide/bodeo/demo-v1.1.8/layout-slider.html]
[demos.themes.guide/bodeo/demo-v1.1.8/layout-2-col.html]
[demos.themes.guide/bodeo/demo-v1.1.8/layout-3-col.html]
[demos.themes.guide/bodeo/demo-v1.1.8/layout-full.html]
[demos.themes.guide/bodeo/demo-v1.1.8/layout-sidebar.html]
[demos.themes.guide/bodeo/demo-v1.1.8/layout-offcanvas.html]
[demos.themes.guide/bodeo/demo-v1.1.8/layout-grid.html]
[demos.themes.guide/bodeo/demo-v1.1.8/layout-masonry.html]
[demos.themes.guide/bodeo/demo-v1.1.8/elements.html]
[demos.themes.guide/bodeo/demo-v1.1.8/cards.html]
[demos.themes.guide/bodeo/demo-v1.1.8/assets/images/mercantile_500_0002.png]
[demos.themes.guide/bodeo/demo-v1.1.8/assets/images/mercantile_500_0003.png]
[demos.themes.guide/bodeo/demo-v1.1.8/assets/images/mercantile_500_0006.png]
[demos.themes.guide/bodeo/demo-v1.1.8/assets/images/sample10.jpg]
[demos.themes.guide/bodeo/demo-v1.1.8/assets/images/sample5.jpg]
[demos.themes.guide/bodeo/demo-v1.1.8/assets/images/sample20.jpg]
[demos.themes.guide/bodeo/demo-v1.1.8/assets/images/sample16.jpg]
[demos.themes.guide/bodeo/demo-v1.1.8/assets/images/sample54.jpg]
[demos.themes.guide/bodeo/demo-v1.1.8/assets/images/sample40.jpg]
[demos.themes.guide/bodeo/demo-v1.1.8/assets/images/office3.jpg]
[demos.themes.guide/bodeo/demo-v1.1.8/assets/images/office1.jpg]
[demos.themes.guide/bodeo/demo-v1.1.8/assets/images/office2.jpg]
[demos.themes.guide/bodeo/demo-v1.1.8/assets/images/office6.jpg]
[demos.themes.guide/bodeo/demo-v1.1.8/assets/images/pr-sample2.jpg]
[demos.themes.guide/bodeo/demo-v1.1.8/assets/images/pr-sample1.jpg]
[demos.themes.guide/bodeo/demo-v1.1.8/assets/images/pr-sample7.jpg]
[demos.themes.guide/bodeo/demo-v1.1.8/assets/images/pr-sample5.jpg]
[demos.themes.guide/bodeo/demo-v1.1.8/assets/images/mercantile_500_0000.png]
[demos.themes.guide/bodeo/demo-v1.1.8/assets/images/office4.jpg]
[demos.themes.guide/bodeo/demo-v1.1.8/assets/images/mercantile_500_0004.png]
[demos.themes.guide/bodeo/demo-v1.1.8/assets/images/mercantile_500_0008.png]
[demos.themes.guide/bodeo/demo-v1.1.8/assets/images/users/m_440_320.jpg]
[demos.themes.guide/bodeo/demo-v1.1.8/js/popper.min.js]
[demos.themes.guide/bodeo/demo-v1.1.8/js/jquery.min.js]
[demos.themes.guide/bodeo/demo-v1.1.8/js/jquery.easing.min.js]
[demos.themes.guide/bodeo/demo-v1.1.8/js/bootstrap.min.js]
[demos.themes.guide/bodeo/demo-v1.1.8/js/wow.min.js]
[demos.themes.guide/bodeo/demo-v1.1.8/js/scripts.js]
[demos.themes.guide/bodeo/demo-v1.1.8/index.html]
[demos.themes.guide/bodeo/demo-v1.1.8/js/themeswitcher.js]
[demos.themes.guide/bodeo/demo-v1.1.8/fonts/montserrat-v12-latin-ext_latin-regular.eot]
[demos.themes.guide/bodeo/demo-v1.1.8/fonts/montserrat-v12-latin-ext_latin-regulard41d.eot]
[demos.themes.guide/bodeo/demo-v1.1.8/fonts/montserrat-v12-latin-ext_latin-regular.woff]
[demos.themes.guide/bodeo/demo-v1.1.8/fonts/montserrat-v12-latin-ext_latin-italic.eot]
[demos.themes.guide/bodeo/demo-v1.1.8/fonts/montserrat-v12-latin-ext_latin-italicd41d.eot]
[demos.themes.guide/bodeo/demo-v1.1.8/fonts/montserrat-v12-latin-ext_latin-italic.woff]
[demos.themes.guide/bodeo/demo-v1.1.8/fonts/montserrat-v12-latin-ext_latin-700.eot]
[demos.themes.guide/bodeo/demo-v1.1.8/fonts/montserrat-v12-latin-ext_latin-700d41d.eot]
[demos.themes.guide/bodeo/demo-v1.1.8/fonts/montserrat-v12-latin-ext_latin-700.woff]
[demos.themes.guide/bodeo/demo-v1.1.8/fonts/montserrat-v12-latin-ext_latin-700italic.eot]
[demos.themes.guide/bodeo/demo-v1.1.8/fonts/montserrat-v12-latin-ext_latin-700italicd41d.eot]
[demos.themes.guide/bodeo/demo-v1.1.8/fonts/montserrat-v12-latin-ext_latin-700italic.woff]
[demos.themes.guide/bodeo/demo-v1.1.8/fonts/rokkitt-v12-latin-ext_latin-600.eot]
[demos.themes.guide/bodeo/demo-v1.1.8/fonts/rokkitt-v12-latin-ext_latin-600d41d.eot]
[demos.themes.guide/bodeo/demo-v1.1.8/fonts/rokkitt-v12-latin-ext_latin-600.woff]
[demos.themes.guide/bodeo/demo-v1.1.8/fonts/rokkitt-v12-latin-ext_latin-regular.eot]
[demos.themes.guide/bodeo/demo-v1.1.8/fonts/rokkitt-v12-latin-ext_latin-regulard41d.eot]
[demos.themes.guide/bodeo/demo-v1.1.8/fonts/rokkitt-v12-latin-ext_latin-regular.woff]
[demos.themes.guide/bodeo/demo-v1.1.8/fonts/rokkitt-v12-latin-ext_latin-700.eot]
[demos.themes.guide/bodeo/demo-v1.1.8/fonts/rokkitt-v12-latin-ext_latin-700d41d.eot]
[demos.themes.guide/bodeo/demo-v1.1.8/fonts/rokkitt-v12-latin-ext_latin-700.woff]
[demos.themes.guide/bodeo/demo-v1.1.8/css/bootstrap-custom.css]
[demos.themes.guide/bodeo/demo-v1.1.8/assets/images/store1.jpg]
[demos.themes.guide/bodeo/demo-v1.1.8/assets/images/store2.jpg]
[demos.themes.guide/bodeo/demo-v1.1.8/assets/images/bg_fog.jpg]
[demos.themes.guide/bodeo/demo-v1.1.8/assets/images/bg_water.jpg]
[demos.themes.guide/bodeo/demo-v1.1.8/assets/images/jungle1.jpg]
[demos.themes.guide/bodeo/demo-v1.1.8/css/demo.css]
[demos.themes.guide/bodeo/demo-v1.1.8/css/animate.min.css]
[demos.themes.guide/bodeo/demo-v1.1.8/fonts/ionicons790f.eot]
[demos.themes.guide/bodeo/demo-v1.1.8/fonts/ionicons790f.woff]
[demos.themes.guide/bodeo/demo-v1.1.8/css/ionicons790f.css]
[demos.themes.guide/bodeo/demo-v1.1.8/blog-detail.1.html]
[demos.themes.guide/bodeo/demo-v1.1.8/assets/images/mercantile_500_0001.png]
[demos.themes.guide/bodeo/demo-v1.1.8/blog.html]
[demos.themes.guide/bodeo/demo-v1.1.8/assets/images/office5.jpg]
[demos.themes.guide/bodeo/demo-v1.1.8/assets/images/pr-sample8.jpg]
[demos.themes.guide/bodeo/demo-v1.1.8/about.html]
[demos.themes.guide/bodeo/demo-v1.1.8/app/index.html]
[demos.themes.guide/bodeo/demo-v1.1.8/app/app.js]
[demos.themes.guide/bodeo/demo-v1.1.8/assets/images/store3.jpg]
[demos.themes.guide/bodeo/demo-v1.1.8/assets/images/users/m103.jpg]
[demos.themes.guide/bodeo/demo-v1.1.8/assets/images/users/m101.jpg]
[demos.themes.guide/bodeo/demo-v1.1.8/assets/images/users/w102.jpg]
[demos.themes.guide/bodeo/demo-v1.1.8/blog-detail.html]
[demos.themes.guide/bodeo/demo-v1.1.8/assets/images/mercantile_500_0007.png]
[demos.themes.guide/bodeo/demo-v1.1.8/assets/images/staticmap.png]
[demos.themes.guide/bodeo/demo-v1.1.8/contact.html]
[demos.themes.guide/bodeo/demo-v1.1.8/assets/images/logos/press-1.png]
[demos.themes.guide/bodeo/demo-v1.1.8/assets/images/logos/press-2.png]
[demos.themes.guide/bodeo/demo-v1.1.8/assets/images/logos/press-3.png]
[demos.themes.guide/bodeo/demo-v1.1.8/assets/images/logos/press-4.png]
[demos.themes.guide/bodeo/demo-v1.1.8/assets/images/logos/press-5.png]
[demos.themes.guide/bodeo/demo-v1.1.8/assets/images/logos/press-6.png]
[demos.themes.guide/bodeo/demo-v1.1.8/assets/images/logos/press-7.png]
[demos.themes.guide/bodeo/demo-v1.1.8/assets/images/logos/press-8.png]
[demos.themes.guide/bodeo/demo-v1.1.8/assets/images/logos/press-9.png]
[demos.themes.guide/bodeo/demo-v1.1.8/assets/images/logos/press-10.png]
[demos.themes.guide/bodeo/demo-v1.1.8/assets/images/users/m105.jpg]
[demos.themes.guide/bodeo/demo-v1.1.8/clients.html]
[demos.themes.guide/bodeo/demo-v1.1.8/assets/images/users/w104.jpg]
[demos.themes.guide/bodeo/demo-v1.1.8/assets/images/logos/techlogos.png]
[demos.themes.guide/bodeo/demo-v1.1.8/assets/screenshots/iso3.png]
[demos.themes.guide/bodeo/demo-v1.1.8/assets/screenshots/ss1.png]
[demos.themes.guide/bodeo/demo-v1.1.8/assets/screenshots/ss2.png]
[demos.themes.guide/bodeo/demo-v1.1.8/assets/screenshots/ss7.png]
[demos.themes.guide/bodeo/demo-v1.1.8/assets/screenshots/ss4.png]
[demos.themes.guide/bodeo/demo-v1.1.8/assets/screenshots/ss5.png]
[demos.themes.guide/bodeo/demo-v1.1.8/assets/screenshots/ss6.png]
[demos.themes.guide/bodeo/demo-v1.1.8/assets/screenshots/ss3.png]
[demos.themes.guide/bodeo/demo-v1.1.8/assets/screenshots/ss8.png]
[demos.themes.guide/bodeo/demo-v1.1.8/assets/screenshots/ss_dark.png]
[demos.themes.guide/bodeo/demo-v1.1.8/assets/screenshots/ss_slider.png]
[demos.themes.guide/bodeo/demo-v1.1.8/assets/screenshots/ss_card.png]
[demos.themes.guide/bodeo/demo-v1.1.8/assets/screenshots/ss_cards.png]
[demos.themes.guide/bodeo/demo-v1.1.8/assets/screenshots/ss-618.png]
[demos.themes.guide/bodeo/demo-v1.1.8/demos.html]
[demos.themes.guide/bodeo/demo-v1.1.8/error-404.html]
[demos.themes.guide/bodeo/demo-v1.1.8/faq.html]
[demos.themes.guide/bodeo/demo-v1.1.8/features.html]
[demos.themes.guide/bodeo/demo-v1.1.8/login.html]
[demos.themes.guide/bodeo/demo-v1.1.8/legal.html]
[demos.themes.guide/bodeo/demo-v1.1.8/pricing.html]
[demos.themes.guide/index.html]
[demos.themes.guide/bodeo/demo-v1.1.8/products.html]
[demos.themes.guide/bodeo/demo-v1.1.8/product-detail.html]
[demos.themes.guide/bodeo/demo-v1.1.8/results.html]
[demos.themes.guide/bodeo/demo-v1.1.8/cart.html]
[demos.themes.guide/bodeo/demo-v1.1.8/assets/images/sample92.jpg]
[demos.themes.guide/bodeo/demo-v1.1.8/assets/images/users/m_2_230_120.jpg]
[demos.themes.guide/bodeo/demo-v1.1.8/user-profile.html]
[demos.themes.guide/bodeo/demo-v1.1.8/dashboard.html]
[demos.themes.guide/bodeo/demo-v1.1.8/invoice.html]
[demos.themes.guide/bodeo/demo-v1.1.8/assets/images/medical_800_1.jpg]
[demos.themes.guide/bodeo/demo-v1.1.8/assets/images/medical_800_3.jpg]
[demos.themes.guide/bodeo/demo-v1.1.8/assets/images/medical_800_2.jpg]
[demos.themes.guide/bodeo/demo-v1.1.8/assets/images/users/m_1_230_120.jpg]
[demos.themes.guide/bodeo/demo-v1.1.8/assets/images/users/w_4_230_120.jpg]
[demos.themes.guide/bodeo/demo-v1.1.8/assets/images/users/w_7_230_120.jpg]
[demos.themes.guide/bodeo/demo-v1.1.8/assets/images/users/w_2_230_120.jpg]
[demos.themes.guide/bodeo/demo-v1.1.8/assets/images/users/w_3_230_120.jpg]
[demos.themes.guide/bodeo/demo-v1.1.8/assets/images/users/m_4_230_120.jpg]
[demos.themes.guide/bodeo/demo-v1.1.8/pg-medical.html]
[demos.themes.guide/bodeo/demo-v1.1.8/assets/images/users/m_5_230_120.jpg]
[demos.themes.guide/bodeo/demo-v1.1.8/assets/images/interior3_1600.jpg]
[demos.themes.guide/bodeo/demo-v1.1.8/assets/images/interior1_1600.jpg]
[demos.themes.guide/bodeo/demo-v1.1.8/assets/images/interior2_1600.jpg]
[demos.themes.guide/bodeo/demo-v1.1.8/portfolio.html]
[demos.themes.guide/bodeo/demo-v1.1.8/pg-restaurant.html]
[demos.themes.guide/bodeo/demo-v1.1.8/assets/videos/comp.jpg]
[demos.themes.guide/bodeo/demo-v1.1.8/assets/videos/comp.mp4]
[demos.themes.guide/bodeo/demo-v1.1.8/layout-video.html]
[demos.themes.guide/bodeo/demo-v1.1.8/layout-image.html]
[demos.themes.guide/bodeo/demo-v1.1.8/layout-slider.html]
[demos.themes.guide/bodeo/demo-v1.1.8/layout-2-col.html]
[demos.themes.guide/bodeo/demo-v1.1.8/layout-3-col.html]
[demos.themes.guide/bodeo/demo-v1.1.8/layout-full.html]
[demos.themes.guide/bodeo/demo-v1.1.8/layout-sidebar.html]
[demos.themes.guide/bodeo/demo-v1.1.8/layout-offcanvas.html]
[demos.themes.guide/bodeo/demo-v1.1.8/layout-grid.html]
[demos.themes.guide/bodeo/demo-v1.1.8/layout-masonry.html]
[demos.themes.guide/bodeo/demo-v1.1.8/assets/images/users/m100.jpg]
[demos.themes.guide/bodeo/demo-v1.1.8/assets/images/users/w100.jpg]
[demos.themes.guide/bodeo/demo-v1.1.8/assets/images/users/w101.jpg]
[demos.themes.guide/bodeo/demo-v1.1.8/assets/images/users/w103.jpg]
[demos.themes.guide/bodeo/demo-v1.1.8/assets/images/users/m_5_230_345.jpg]
[demos.themes.guide/bodeo/demo-v1.1.8/assets/images/users/w_2_230_345.jpg]
[demos.themes.guide/bodeo/demo-v1.1.8/assets/images/users/m_2_230_345.jpg]
[demos.themes.guide/bodeo/demo-v1.1.8/assets/images/users/w_4_230_345.jpg]
[demos.themes.guide/bodeo/demo-v1.1.8/assets/images/users/m_7_230_345.jpg]
[demos.themes.guide/bodeo/demo-v1.1.8/assets/images/users/m_7_230_120.jpg]
[demos.themes.guide/bodeo/demo-v1.1.8/assets/images/users/w_3_230_345.jpg]
[demos.themes.guide/bodeo/demo-v1.1.8/assets/images/weather.jpg]
[demos.themes.guide/bodeo/demo-v1.1.8/elements.html]
[demos.themes.guide/bodeo/demo-v1.1.8/assets/images/users/m102.jpg]
[demos.themes.guide/bodeo/demo-v1.1.8/cards.html]
[demos.themes.guide/bodeo/demo-v1.1.8/fonts/montserrat-v12-latin-ext_latin-regular.html]
[demos.themes.guide/bodeo/demo-v1.1.8/fonts/montserrat-v12-latin-ext_latin-regular-2.html]
[demos.themes.guide/bodeo/demo-v1.1.8/fonts/montserrat-v12-latin-ext_latin-regular.svg]
[demos.themes.guide/bodeo/demo-v1.1.8/fonts/montserrat-v12-latin-ext_latin-italic.html]
[demos.themes.guide/bodeo/demo-v1.1.8/fonts/montserrat-v12-latin-ext_latin-italic-2.html]
[demos.themes.guide/bodeo/demo-v1.1.8/fonts/montserrat-v12-latin-ext_latin-italic.svg]
[demos.themes.guide/bodeo/demo-v1.1.8/fonts/montserrat-v12-latin-ext_latin-700.html]
[demos.themes.guide/bodeo/demo-v1.1.8/fonts/montserrat-v12-latin-ext_latin-701.html]
[demos.themes.guide/bodeo/demo-v1.1.8/fonts/montserrat-v12-latin-ext_latin-700.svg]
[demos.themes.guide/bodeo/demo-v1.1.8/fonts/montserrat-v12-latin-ext_latin-700italic.html]
[demos.themes.guide/bodeo/demo-v1.1.8/fonts/montserrat-v12-latin-ext_latin-700italic-2.html]
[demos.themes.guide/bodeo/demo-v1.1.8/fonts/montserrat-v12-latin-ext_latin-700italic.svg]
[demos.themes.guide/bodeo/demo-v1.1.8/fonts/rokkitt-v12-latin-ext_latin-600.html]
[demos.themes.guide/bodeo/demo-v1.1.8/fonts/rokkitt-v12-latin-ext_latin-601.html]
[demos.themes.guide/bodeo/demo-v1.1.8/fonts/rokkitt-v12-latin-ext_latin-600.svg]
[demos.themes.guide/bodeo/demo-v1.1.8/fonts/rokkitt-v12-latin-ext_latin-regular.html]
[demos.themes.guide/bodeo/demo-v1.1.8/fonts/rokkitt-v12-latin-ext_latin-regular-2.html]
[demos.themes.guide/bodeo/demo-v1.1.8/fonts/rokkitt-v12-latin-ext_latin-regular.svg]
[demos.themes.guide/bodeo/demo-v1.1.8/fonts/rokkitt-v12-latin-ext_latin-700.html]
[demos.themes.guide/bodeo/demo-v1.1.8/fonts/rokkitt-v12-latin-ext_latin-701.html]
[demos.themes.guide/bodeo/demo-v1.1.8/fonts/rokkitt-v12-latin-ext_latin-700.svg]
[demos.themes.guide/bodeo/demo-v1.1.8/assets/images/loaders/circles.svg]
[demos.themes.guide/bodeo/demo-v1.1.8/fonts/ionicons790f.html]
[demos.themes.guide/bodeo/demo-v1.1.8/fonts/ionicons790f-2.html]
[demos.themes.guide/bodeo/demo-v1.1.8/blog-detail.1.html]
[demos.themes.guide/boomadmin/index.html]
[demos.themes.guide/forque/index.html]
[demos.themes.guide/index.html]
[demos.themes.guide/bodeo/index.html]
[demos.themes.guide/boomadmin/index.html]
[demos.themes.guide/forque/css/theme.css]
[demos.themes.guide/forque/css/styles.css]
[demos.themes.guide/forque/assets/vendors/logo_vue.png]
[demos.themes.guide/forque/vue/index.html]
[demos.themes.guide/forque/assets/vendors/logo_react.png]
[demos.themes.guide/forque/react/index.html]
[demos.themes.guide/forque/assets/vendors/logo_html5.png]
[demos.themes.guide/forque/assets/ss/ss_600_00.png]
[demos.themes.guide/forque/static/index.html]
[demos.themes.guide/forque/static/dashboard5.html]
[demos.themes.guide/forque/assets/ss/ss_600_01.png]
[demos.themes.guide/forque/static/dashboard4.html]
[demos.themes.guide/forque/assets/ss/ss_600_03.png]
[demos.themes.guide/forque/react/layout2.html]
[demos.themes.guide/forque/assets/ss/ss_600_06.png]
[demos.themes.guide/forque/react/tasks.html]
[demos.themes.guide/forque/assets/ss/ss_600_08.png]
[demos.themes.guide/forque/react/inbox.html]
[demos.themes.guide/forque/assets/ss/ss_600_09.png]
[demos.themes.guide/forque/react/search.html]
[demos.themes.guide/forque/assets/ss/ss_600_10.png]
[demos.themes.guide/forque/react/cards.html]
[demos.themes.guide/forque/assets/ss/ss_600_12.png]
[demos.themes.guide/forque/assets/vendors/sass.png]
[demos.themes.guide/forque/assets/vendors/chartjs.png]
[demos.themes.guide/forque/assets/vendors/react.png]
[demos.themes.guide/forque/assets/vendors/vuejs.png]
[demos.themes.guide/forque/assets/vendors/angular.png]
[demos.themes.guide/forque/assets/vendors/datatables.png]
[demos.themes.guide/forque/assets/vendors/googlefonts.png]
[demos.themes.guide/forque/assets/vendors/github.png]
[demos.themes.guide/forque/assets/vendors/linearicons.png]
[demos.themes.guide/forque/assets/vendors/gulp.png]
[demos.themes.guide/forque/assets/vendors/npm.png]
[demos.themes.guide/forque/assets/vendors/undraw.png]
[demos.themes.guide/forque/js/app.js]
[demos.themes.guide/forque/index.html]
[demos.themes.guide/bodeo/css/bootstrap-custom.css]
[demos.themes.guide/bodeo/css/demo.css]
[demos.themes.guide/bodeo/css/animate.min.css]
[demos.themes.guide/bodeo/css/ionicons790f.css]
[demos.themes.guide/bodeo/partials/p_content_sections.html]
[demos.themes.guide/bodeo/partials/p_footer.html]
[demos.themes.guide/bodeo/js/jquery.min.js]
[demos.themes.guide/bodeo/js/popper.min.js]
[demos.themes.guide/bodeo/js/bootstrap.min.js]
[demos.themes.guide/bodeo/js/jquery.easing.min.js]
[demos.themes.guide/bodeo/js/wow.min.js]
[demos.themes.guide/bodeo/js/scripts.js]
[demos.themes.guide/bodeo/index.html]
[demos.themes.guide/forque/css/theme.css]
[demos.themes.guide/forque/css/styles.css]
[demos.themes.guide/forque/vue/favicon.ico]
[demos.themes.guide/forque/vue/css/bootstrap.min.css]
[demos.themes.guide/forque/vue/css/linearicons.css]
[demos.themes.guide/forque/vue/css/simple-line-icons.css]
[demos.themes.guide/forque/vue/css/animate.min.css]
[demos.themes.guide/forque/vue/css/theme.css]
[demos.themes.guide/forque/vue/styleswitcher.js]
[demos.themes.guide/forque/vue/css/app.85552251.css]
[demos.themes.guide/forque/vue/css/chunk-vendors.d95e8508.css]
[demos.themes.guide/forque/vue/index.html]
[demos.themes.guide/forque/react/favicon.ico]
[demos.themes.guide/forque/react/css/theme.css]
[demos.themes.guide/forque/react/styleswitcher.js]
[demos.themes.guide/forque/react/static/css/1.6cbb1ccd.chunk.css]
[demos.themes.guide/forque/react/static/css/main.9fea4914.chunk.css]
[demos.themes.guide/forque/vue/js/app.2c6e74ee.js]
[demos.themes.guide/forque/react/index.html]
[demos.themes.guide/forque/static/css/animate.min.css]
[demos.themes.guide/forque/static/css/bootstrap.min.css]
[demos.themes.guide/forque/static/css/linearicons.css]
[demos.themes.guide/forque/static/css/simple-line-icons.css]
[demos.themes.guide/forque/static/css/dataTables.bootstrap4.min.css]
[demos.themes.guide/forque/static/css/theme.css]
[demos.themes.guide/forque/static/css/styles.css]
[demos.themes.guide/forque/static/assets/profile_1.png]
[demos.themes.guide/forque/react/static/js/main.8cccf258.chunk.js]
[demos.themes.guide/forque/static/assets/profile_2.png]
[demos.themes.guide/forque/static/assets/profile_3.png]
[demos.themes.guide/forque/static/assets/profile_4.png]
[demos.themes.guide/forque/static/assets/m20.jpg]
[demos.themes.guide/forque/static/inbox.html]
[demos.themes.guide/forque/static/dashboard2.html]
[demos.themes.guide/forque/static/dashboard3.html]
[demos.themes.guide/forque/static/charts.html]
[demos.themes.guide/forque/static/report.html]
[demos.themes.guide/forque/static/kanban.html]
[demos.themes.guide/forque/static/icons.html]
[demos.themes.guide/forque/static/cards.html]
[demos.themes.guide/forque/static/elements.html]
[demos.themes.guide/forque/static/forms.html]
[demos.themes.guide/forque/static/artwork.html]
[demos.themes.guide/forque/static/timeline.html]
[demos.themes.guide/forque/static/faq.html]
[demos.themes.guide/forque/static/pricingtables.html]
[demos.themes.guide/forque/static/error_404.html]
[demos.themes.guide/forque/react/static/js/1.b8b1d5e4.chunk.js]
[demos.themes.guide/forque/static/error_500.html]
[demos.themes.guide/forque/static/assets/w42.jpg]
[demos.themes.guide/forque/static/assets/m83.jpg]
[demos.themes.guide/forque/vue/js/chunk-vendors.62b45b65.js]
[demos.themes.guide/forque/static/js/wow.min.js]
[demos.themes.guide/forque/static/js/jquery.min.js]
[demos.themes.guide/forque/static/js/bootstrap.bundle.min.js]
[demos.themes.guide/forque/static/js/dataTables.bootstrap4.min.js]
[demos.themes.guide/forque/static/js/Chart.min.js]
[demos.themes.guide/forque/static/js/jquery.dataTables.min.js]
[demos.themes.guide/forque/static/index.html]
[demos.themes.guide/forque/static/dashboard5.html]
[demos.themes.guide/forque/static/dashboard4.html]
[demos.themes.guide/forque/react/layout2.html]
[demos.themes.guide/forque/react/tasks.html]
[demos.themes.guide/forque/react/inbox.html]
[demos.themes.guide/forque/react/search.html]
[demos.themes.guide/forque/react/cards.html]
[demos.themes.guide/forque/static/js/app.js]
[demos.themes.guide/bodeo/fonts/montserrat-v12-latin-ext_latin-regular.eot]
[demos.themes.guide/bodeo/fonts/montserrat-v12-latin-ext_latin-regulard41d.eot]
[demos.themes.guide/bodeo/fonts/montserrat-v12-latin-ext_latin-regular.woff]
[demos.themes.guide/bodeo/fonts/montserrat-v12-latin-ext_latin-italic.eot]
[demos.themes.guide/bodeo/fonts/montserrat-v12-latin-ext_latin-italicd41d.eot]
[demos.themes.guide/forque/static/js/angular.min.js]
[demos.themes.guide/bodeo/fonts/montserrat-v12-latin-ext_latin-italic.woff]
[demos.themes.guide/bodeo/fonts/montserrat-v12-latin-ext_latin-700.eot]
[demos.themes.guide/bodeo/fonts/montserrat-v12-latin-ext_latin-700d41d.eot]
[demos.themes.guide/bodeo/fonts/montserrat-v12-latin-ext_latin-700.woff]
[demos.themes.guide/bodeo/fonts/montserrat-v12-latin-ext_latin-700italic.eot]
[demos.themes.guide/bodeo/fonts/montserrat-v12-latin-ext_latin-700italicd41d.eot]
[demos.themes.guide/bodeo/fonts/montserrat-v12-latin-ext_latin-700italic.woff]
[demos.themes.guide/bodeo/fonts/rokkitt-v12-latin-ext_latin-600.eot]
[demos.themes.guide/bodeo/fonts/rokkitt-v12-latin-ext_latin-600d41d.eot]
[demos.themes.guide/bodeo/fonts/rokkitt-v12-latin-ext_latin-600.woff]
[demos.themes.guide/bodeo/fonts/rokkitt-v12-latin-ext_latin-regular.eot]
[demos.themes.guide/bodeo/fonts/rokkitt-v12-latin-ext_latin-regulard41d.eot]
[demos.themes.guide/bodeo/fonts/rokkitt-v12-latin-ext_latin-regular.woff]
[demos.themes.guide/bodeo/fonts/rokkitt-v12-latin-ext_latin-700.eot]
[demos.themes.guide/bodeo/fonts/rokkitt-v12-latin-ext_latin-700d41d.eot]
[demos.themes.guide/bodeo/fonts/rokkitt-v12-latin-ext_latin-700.woff]
[demos.themes.guide/bodeo/css/bootstrap-custom.css]
[demos.themes.guide/bodeo/assets/images/store1.jpg]
[demos.themes.guide/bodeo/assets/images/store2.jpg]
[demos.themes.guide/bodeo/assets/images/bg_fog.jpg]
[demos.themes.guide/bodeo/assets/images/bg_water.jpg]
[demos.themes.guide/bodeo/assets/images/jungle1.jpg]
[demos.themes.guide/bodeo/css/demo.css]
[demos.themes.guide/bodeo/css/animate.min.css]
[demos.themes.guide/bodeo/fonts/ionicons790f.eot]
[demos.themes.guide/bodeo/fonts/ionicons790f.woff]
[demos.themes.guide/bodeo/css/ionicons790f.css]
[demos.themes.guide/bodeo/partials/p_header.html]
[demos.themes.guide/bodeo/partials/p_content_sections.html]
[demos.themes.guide/bodeo/partials/p_footer.html]
[demos.themes.guide/forque/vue/css/bootstrap.min.css]
[demos.themes.guide/forque/vue/css/fonts/Linearicons-Free54e9.eot]
[demos.themes.guide/forque/vue/css/fonts/Linearicons-Freed41d.eot]
[demos.themes.guide/forque/vue/css/fonts/Linearicons-Free54e9.woff]
[demos.themes.guide/forque/vue/css/linearicons.css]
[demos.themes.guide/forque/vue/css/fonts/Simple-Line-Icons.eot]
[demos.themes.guide/forque/vue/css/fonts/Simple-Line-Icons.woff]
[demos.themes.guide/forque/vue/css/simple-line-icons.css]
[demos.themes.guide/forque/vue/css/animate.min.css]
[demos.themes.guide/forque/vue/css/theme.css]
[demos.themes.guide/forque/vue/css/app.85552251.css]
[demos.themes.guide/forque/vue/css/chunk-vendors.d95e8508.css]
[demos.themes.guide/forque/react/css/theme.css]
[demos.themes.guide/forque/react/static/css/1.6cbb1ccd.chunk.css]
[demos.themes.guide/forque/react/static/css/main.9fea4914.chunk.css]
[demos.themes.guide/forque/static/css/animate.min.css]
[demos.themes.guide/forque/static/css/bootstrap.min.css]
[demos.themes.guide/forque/static/css/fonts/Linearicons-Free54e9.eot]
[demos.themes.guide/forque/static/css/fonts/Linearicons-Freed41d.eot]
[demos.themes.guide/forque/static/css/fonts/Linearicons-Free54e9.woff]
[demos.themes.guide/forque/static/css/linearicons.css]
[demos.themes.guide/forque/static/css/fonts/Simple-Line-Icons.eot]
[demos.themes.guide/forque/static/css/fonts/Simple-Line-Icons.woff]
[demos.themes.guide/forque/static/css/simple-line-icons.css]
[demos.themes.guide/forque/static/css/dataTables.bootstrap4.min.css]
[demos.themes.guide/forque/static/css/theme.css]
[demos.themes.guide/forque/static/css/styles.css]
[demos.themes.guide/forque/static/inbox.html]
[demos.themes.guide/forque/static/dashboard2.html]
[demos.themes.guide/forque/static/dashboard3.html]
[demos.themes.guide/forque/static/charts.html]
[demos.themes.guide/forque/static/report.html]
[demos.themes.guide/forque/static/kanban.html]
[demos.themes.guide/forque/static/icons.html]
[demos.themes.guide/forque/static/assets/w33.jpg]
[demos.themes.guide/forque/static/assets/mtn_1.png]
[demos.themes.guide/forque/static/assets/mtn_6.png]
[demos.themes.guide/forque/static/assets/mtn_5.png]
[demos.themes.guide/forque/static/assets/mtn_4.png]
[demos.themes.guide/forque/static/assets/mtn_2.png]
[demos.themes.guide/forque/static/assets/gradients/10.jpg]
[demos.themes.guide/forque/static/assets/gradients/20.jpg]
[demos.themes.guide/forque/static/assets/gradients/35.jpg]
[demos.themes.guide/forque/static/assets/gradients/28.jpg]
[demos.themes.guide/forque/static/assets/gradients/19.jpg]
[demos.themes.guide/forque/static/assets/gradients/66.jpg]
[demos.themes.guide/forque/static/cards.html]
[demos.themes.guide/forque/static/elements.html]
[demos.themes.guide/forque/static/forms.html]
[demos.themes.guide/forque/static/assets/mtn_7.png]
[demos.themes.guide/forque/static/artwork.html]
[demos.themes.guide/forque/static/timeline.html]
[demos.themes.guide/forque/static/faq.html]
[demos.themes.guide/forque/static/pricingtables.html]
[demos.themes.guide/forque/static/error_404.html]
[demos.themes.guide/forque/static/error_500.html]
[demos.themes.guide/bodeo/fonts/montserrat-v12-latin-ext_latin-regular.html]
[demos.themes.guide/bodeo/fonts/montserrat-v12-latin-ext_latin-regular-2.html]
[demos.themes.guide/bodeo/fonts/montserrat-v12-latin-ext_latin-regular.svg]
[demos.themes.guide/bodeo/fonts/montserrat-v12-latin-ext_latin-italic.html]
[demos.themes.guide/bodeo/fonts/montserrat-v12-latin-ext_latin-italic-2.html]
[demos.themes.guide/bodeo/fonts/montserrat-v12-latin-ext_latin-italic.svg]
[demos.themes.guide/bodeo/fonts/montserrat-v12-latin-ext_latin-700.html]
[demos.themes.guide/bodeo/fonts/montserrat-v12-latin-ext_latin-701.html]
[demos.themes.guide/bodeo/fonts/montserrat-v12-latin-ext_latin-700.svg]
[demos.themes.guide/bodeo/fonts/montserrat-v12-latin-ext_latin-700italic.html]
[demos.themes.guide/bodeo/fonts/montserrat-v12-latin-ext_latin-700italic-2.html]
[demos.themes.guide/bodeo/fonts/montserrat-v12-latin-ext_latin-700italic.svg]
[demos.themes.guide/bodeo/fonts/rokkitt-v12-latin-ext_latin-600.html]
[demos.themes.guide/bodeo/fonts/rokkitt-v12-latin-ext_latin-601.html]
[demos.themes.guide/bodeo/fonts/rokkitt-v12-latin-ext_latin-600.svg]
[demos.themes.guide/bodeo/fonts/rokkitt-v12-latin-ext_latin-regular.html]
[demos.themes.guide/bodeo/fonts/rokkitt-v12-latin-ext_latin-regular-2.html]
[demos.themes.guide/bodeo/fonts/rokkitt-v12-latin-ext_latin-regular.svg]
[demos.themes.guide/bodeo/fonts/rokkitt-v12-latin-ext_latin-700.html]
[demos.themes.guide/bodeo/fonts/rokkitt-v12-latin-ext_latin-701.html]
[demos.themes.guide/bodeo/fonts/rokkitt-v12-latin-ext_latin-700.svg]
[demos.themes.guide/bodeo/assets/images/loaders/circles.svg]
[demos.themes.guide/bodeo/fonts/ionicons790f.html]
[demos.themes.guide/bodeo/fonts/ionicons790f-2.html]
[demos.themes.guide/bodeo/partials/partials/p_nav.html]
[demos.themes.guide/bodeo/partials/cards.html]
[demos.themes.guide/bodeo/partials/partials/p_card_deck.html]
[demos.themes.guide/bodeo/partials/assets/images/sample10.html]
[demos.themes.guide/bodeo/partials/assets/images/sample5.html]
[demos.themes.guide/bodeo/partials/assets/images/sample20.html]
[demos.themes.guide/bodeo/partials/assets/images/sample16.html]
[demos.themes.guide/bodeo/partials/assets/images/sample54.html]
[demos.themes.guide/bodeo/partials/assets/images/sample40.html]
[demos.themes.guide/bodeo/partials/blog-detail.html]
[demos.themes.guide/bodeo/partials/assets/images/office3.html]
[demos.themes.guide/bodeo/partials/assets/images/office1.html]
[demos.themes.guide/bodeo/partials/assets/images/office2.html]
[demos.themes.guide/bodeo/partials/assets/images/office6.html]
[demos.themes.guide/bodeo/partials/partials/p_cards_row.html]
[demos.themes.guide/bodeo/partials/partials/p_masonry.html]
[demos.themes.guide/bodeo/partials/blog.html]
[demos.themes.guide/bodeo/partials/assets/images/users/m_440_320.html]
[demos.themes.guide/bodeo/partials/features.html]
[demos.themes.guide/bodeo/partials/products.html]
[demos.themes.guide/bodeo/partials/faq.html]
[demos.themes.guide/bodeo/partials/portfolio.html]
[demos.themes.guide/bodeo/partials/clients.html]
[demos.themes.guide/bodeo/partials/contact.html]
[demos.themes.guide/bodeo/partials/about.html]
[demos.themes.guide/bodeo/partials/legal.html]
[demos.themes.guide/forque/vue/css/fonts/Linearicons-Free54e9.html]
[demos.themes.guide/forque/vue/css/fonts/Linearicons-Free54e9-2.html]
[demos.themes.guide/forque/vue/css/fonts/Linearicons-Free54e9.svg]
[demos.themes.guide/forque/vue/css/fonts/Simple-Line-Icons.html]
[demos.themes.guide/forque/vue/css/fonts/Simple-Line-Icons-2.html]
[demos.themes.guide/forque/vue/css/fonts/Simple-Line-Icons.svg]
[demos.themes.guide/forque/static/css/fonts/Linearicons-Free54e9.html]
[demos.themes.guide/forque/static/css/fonts/Linearicons-Free54e9-2.html]
[demos.themes.guide/forque/static/css/fonts/Linearicons-Free54e9.svg]
[demos.themes.guide/forque/static/css/fonts/Simple-Line-Icons.html]
[demos.themes.guide/forque/static/css/fonts/Simple-Line-Icons-2.html]
[demos.themes.guide/forque/static/css/fonts/Simple-Line-Icons.svg]
[demos.themes.guide/forque/static/assets/undraw/undraw_profile.svg]
[demos.themes.guide/forque/static/assets/undraw/undraw_online.svg]
[demos.themes.guide/forque/static/assets/undraw/undraw_map.svg]
[demos.themes.guide/forque/static/assets/undraw/undraw_sync.svg]
[demos.themes.guide/forque/static/assets/undraw/undraw_grades.svg]
[demos.themes.guide/forque/static/assets/undraw/undraw_analytics.svg]
[demos.themes.guide/forque/static/assets/undraw/undraw_coding.svg]
[demos.themes.guide/forque/static/assets/undraw/undraw_team.svg]
[demos.themes.guide/forque/static/assets/undraw/undraw_tutorial.svg]
[demos.themes.guide/forque/static/assets/undraw/undraw_laravel.svg]
[demos.themes.guide/forque/static/assets/undraw/undraw_messages.svg]
[demos.themes.guide/forque/static/assets/undraw/undraw_static.svg]
